Archive member included to satisfy reference by file (symbol)

/usr/lib/gcc/arm-none-eabi/10.3.1/../../../arm-none-eabi/lib/thumb/v7-m/nofp/libg.a(lib_a-memset.o)
                              CMakeFiles/stm32_experiments.dir/main.c.o (memset)

Discarded input sections

 .group         0x0000000000000000        0xc CMakeFiles/stm32_experiments.dir/stm32/startup/startup_stm32f10x_md.c.o
 .text          0x0000000000000000        0x0 CMakeFiles/stm32_experiments.dir/stm32/startup/startup_stm32f10x_md.c.o
 .data          0x0000000000000000        0x0 CMakeFiles/stm32_experiments.dir/stm32/startup/startup_stm32f10x_md.c.o
 .bss           0x0000000000000000        0x0 CMakeFiles/stm32_experiments.dir/stm32/startup/startup_stm32f10x_md.c.o
 .group         0x0000000000000000        0xc CMakeFiles/stm32_experiments.dir/stm32/system_stm32f10x.c.o
 .group         0x0000000000000000        0xc CMakeFiles/stm32_experiments.dir/stm32/system_stm32f10x.c.o
 .group         0x0000000000000000        0xc CMakeFiles/stm32_experiments.dir/stm32/system_stm32f10x.c.o
 .group         0x0000000000000000        0xc CMakeFiles/stm32_experiments.dir/stm32/system_stm32f10x.c.o
 .group         0x0000000000000000        0xc CMakeFiles/stm32_experiments.dir/stm32/system_stm32f10x.c.o
 .group         0x0000000000000000        0xc CMakeFiles/stm32_experiments.dir/stm32/system_stm32f10x.c.o
 .group         0x0000000000000000        0xc CMakeFiles/stm32_experiments.dir/stm32/system_stm32f10x.c.o
 .text          0x0000000000000000        0x0 CMakeFiles/stm32_experiments.dir/stm32/system_stm32f10x.c.o
 .data          0x0000000000000000        0x0 CMakeFiles/stm32_experiments.dir/stm32/system_stm32f10x.c.o
 .bss           0x0000000000000000        0x0 CMakeFiles/stm32_experiments.dir/stm32/system_stm32f10x.c.o
 .data.SystemCoreClock
                0x0000000000000000        0x4 CMakeFiles/stm32_experiments.dir/stm32/system_stm32f10x.c.o
 .data.AHBPrescTable
                0x0000000000000000       0x10 CMakeFiles/stm32_experiments.dir/stm32/system_stm32f10x.c.o
 .text.SystemCoreClockUpdate
                0x0000000000000000       0xe4 CMakeFiles/stm32_experiments.dir/stm32/system_stm32f10x.c.o
 .debug_macro   0x0000000000000000      0xa5a CMakeFiles/stm32_experiments.dir/stm32/system_stm32f10x.c.o
 .group         0x0000000000000000        0xc CMakeFiles/stm32_experiments.dir/syscalls/syscalls.c.o
 .group         0x0000000000000000        0xc CMakeFiles/stm32_experiments.dir/syscalls/syscalls.c.o
 .group         0x0000000000000000        0xc CMakeFiles/stm32_experiments.dir/syscalls/syscalls.c.o
 .group         0x0000000000000000        0xc CMakeFiles/stm32_experiments.dir/syscalls/syscalls.c.o
 .group         0x0000000000000000        0xc CMakeFiles/stm32_experiments.dir/syscalls/syscalls.c.o
 .group         0x0000000000000000        0xc CMakeFiles/stm32_experiments.dir/syscalls/syscalls.c.o
 .group         0x0000000000000000        0xc CMakeFiles/stm32_experiments.dir/syscalls/syscalls.c.o
 .group         0x0000000000000000        0xc CMakeFiles/stm32_experiments.dir/syscalls/syscalls.c.o
 .group         0x0000000000000000        0xc CMakeFiles/stm32_experiments.dir/syscalls/syscalls.c.o
 .group         0x0000000000000000        0xc CMakeFiles/stm32_experiments.dir/syscalls/syscalls.c.o
 .group         0x0000000000000000        0xc CMakeFiles/stm32_experiments.dir/syscalls/syscalls.c.o
 .group         0x0000000000000000        0xc CMakeFiles/stm32_experiments.dir/syscalls/syscalls.c.o
 .group         0x0000000000000000        0xc CMakeFiles/stm32_experiments.dir/syscalls/syscalls.c.o
 .group         0x0000000000000000        0xc CMakeFiles/stm32_experiments.dir/syscalls/syscalls.c.o
 .group         0x0000000000000000        0xc CMakeFiles/stm32_experiments.dir/syscalls/syscalls.c.o
 .group         0x0000000000000000        0xc CMakeFiles/stm32_experiments.dir/syscalls/syscalls.c.o
 .group         0x0000000000000000        0xc CMakeFiles/stm32_experiments.dir/syscalls/syscalls.c.o
 .group         0x0000000000000000        0xc CMakeFiles/stm32_experiments.dir/syscalls/syscalls.c.o
 .group         0x0000000000000000        0xc CMakeFiles/stm32_experiments.dir/syscalls/syscalls.c.o
 .group         0x0000000000000000        0xc CMakeFiles/stm32_experiments.dir/syscalls/syscalls.c.o
 .group         0x0000000000000000        0xc CMakeFiles/stm32_experiments.dir/syscalls/syscalls.c.o
 .group         0x0000000000000000        0xc CMakeFiles/stm32_experiments.dir/syscalls/syscalls.c.o
 .group         0x0000000000000000        0xc CMakeFiles/stm32_experiments.dir/syscalls/syscalls.c.o
 .group         0x0000000000000000        0xc CMakeFiles/stm32_experiments.dir/syscalls/syscalls.c.o
 .group         0x0000000000000000        0xc CMakeFiles/stm32_experiments.dir/syscalls/syscalls.c.o
 .group         0x0000000000000000        0xc CMakeFiles/stm32_experiments.dir/syscalls/syscalls.c.o
 .group         0x0000000000000000        0xc CMakeFiles/stm32_experiments.dir/syscalls/syscalls.c.o
 .group         0x0000000000000000        0xc CMakeFiles/stm32_experiments.dir/syscalls/syscalls.c.o
 .group         0x0000000000000000        0xc CMakeFiles/stm32_experiments.dir/syscalls/syscalls.c.o
 .group         0x0000000000000000        0xc CMakeFiles/stm32_experiments.dir/syscalls/syscalls.c.o
 .group         0x0000000000000000        0xc CMakeFiles/stm32_experiments.dir/syscalls/syscalls.c.o
 .text          0x0000000000000000        0x0 CMakeFiles/stm32_experiments.dir/syscalls/syscalls.c.o
 .data          0x0000000000000000        0x0 CMakeFiles/stm32_experiments.dir/syscalls/syscalls.c.o
 .bss           0x0000000000000000        0x0 CMakeFiles/stm32_experiments.dir/syscalls/syscalls.c.o
 .text._sbrk    0x0000000000000000       0x3c CMakeFiles/stm32_experiments.dir/syscalls/syscalls.c.o
 .text.link     0x0000000000000000       0x18 CMakeFiles/stm32_experiments.dir/syscalls/syscalls.c.o
 .text._close   0x0000000000000000       0x16 CMakeFiles/stm32_experiments.dir/syscalls/syscalls.c.o
 .text._fstat   0x0000000000000000       0x1e CMakeFiles/stm32_experiments.dir/syscalls/syscalls.c.o
 .text._isatty  0x0000000000000000       0x14 CMakeFiles/stm32_experiments.dir/syscalls/syscalls.c.o
 .text._lseek   0x0000000000000000       0x18 CMakeFiles/stm32_experiments.dir/syscalls/syscalls.c.o
 .text._read    0x0000000000000000       0x18 CMakeFiles/stm32_experiments.dir/syscalls/syscalls.c.o
 .text._write   0x0000000000000000       0x18 CMakeFiles/stm32_experiments.dir/syscalls/syscalls.c.o
 .text.abort    0x0000000000000000        0x6 CMakeFiles/stm32_experiments.dir/syscalls/syscalls.c.o
 .bss.heap.0    0x0000000000000000        0x4 CMakeFiles/stm32_experiments.dir/syscalls/syscalls.c.o
 .debug_info    0x0000000000000000      0x49b CMakeFiles/stm32_experiments.dir/syscalls/syscalls.c.o
 .debug_abbrev  0x0000000000000000      0x113 CMakeFiles/stm32_experiments.dir/syscalls/syscalls.c.o
 .debug_aranges
                0x0000000000000000       0x60 CMakeFiles/stm32_experiments.dir/syscalls/syscalls.c.o
 .debug_ranges  0x0000000000000000       0x50 CMakeFiles/stm32_experiments.dir/syscalls/syscalls.c.o
 .debug_macro   0x0000000000000000      0x180 CMakeFiles/stm32_experiments.dir/syscalls/syscalls.c.o
 .debug_macro   0x0000000000000000      0xa5a CMakeFiles/stm32_experiments.dir/syscalls/syscalls.c.o
 .debug_macro   0x0000000000000000       0x22 CMakeFiles/stm32_experiments.dir/syscalls/syscalls.c.o
 .debug_macro   0x0000000000000000       0x52 CMakeFiles/stm32_experiments.dir/syscalls/syscalls.c.o
 .debug_macro   0x0000000000000000       0x18 CMakeFiles/stm32_experiments.dir/syscalls/syscalls.c.o
 .debug_macro   0x0000000000000000       0x5c CMakeFiles/stm32_experiments.dir/syscalls/syscalls.c.o
 .debug_macro   0x0000000000000000       0x35 CMakeFiles/stm32_experiments.dir/syscalls/syscalls.c.o
 .debug_macro   0x0000000000000000       0x34 CMakeFiles/stm32_experiments.dir/syscalls/syscalls.c.o
 .debug_macro   0x0000000000000000       0x16 CMakeFiles/stm32_experiments.dir/syscalls/syscalls.c.o
 .debug_macro   0x0000000000000000       0x57 CMakeFiles/stm32_experiments.dir/syscalls/syscalls.c.o
 .debug_macro   0x0000000000000000       0x97 CMakeFiles/stm32_experiments.dir/syscalls/syscalls.c.o
 .debug_macro   0x0000000000000000      0x356 CMakeFiles/stm32_experiments.dir/syscalls/syscalls.c.o
 .debug_macro   0x0000000000000000       0xf6 CMakeFiles/stm32_experiments.dir/syscalls/syscalls.c.o
 .debug_macro   0x0000000000000000       0x10 CMakeFiles/stm32_experiments.dir/syscalls/syscalls.c.o
 .debug_macro   0x0000000000000000       0x16 CMakeFiles/stm32_experiments.dir/syscalls/syscalls.c.o
 .debug_macro   0x0000000000000000       0x43 CMakeFiles/stm32_experiments.dir/syscalls/syscalls.c.o
 .debug_macro   0x0000000000000000       0x34 CMakeFiles/stm32_experiments.dir/syscalls/syscalls.c.o
 .debug_macro   0x0000000000000000       0x10 CMakeFiles/stm32_experiments.dir/syscalls/syscalls.c.o
 .debug_macro   0x0000000000000000       0x52 CMakeFiles/stm32_experiments.dir/syscalls/syscalls.c.o
 .debug_macro   0x0000000000000000      0x182 CMakeFiles/stm32_experiments.dir/syscalls/syscalls.c.o
 .debug_macro   0x0000000000000000       0x10 CMakeFiles/stm32_experiments.dir/syscalls/syscalls.c.o
 .debug_macro   0x0000000000000000       0x6a CMakeFiles/stm32_experiments.dir/syscalls/syscalls.c.o
 .debug_macro   0x0000000000000000       0xb2 CMakeFiles/stm32_experiments.dir/syscalls/syscalls.c.o
 .debug_macro   0x0000000000000000       0x16 CMakeFiles/stm32_experiments.dir/syscalls/syscalls.c.o
 .debug_macro   0x0000000000000000      0x129 CMakeFiles/stm32_experiments.dir/syscalls/syscalls.c.o
 .debug_macro   0x0000000000000000       0x52 CMakeFiles/stm32_experiments.dir/syscalls/syscalls.c.o
 .debug_macro   0x0000000000000000       0x16 CMakeFiles/stm32_experiments.dir/syscalls/syscalls.c.o
 .debug_macro   0x0000000000000000       0x35 CMakeFiles/stm32_experiments.dir/syscalls/syscalls.c.o
 .debug_macro   0x0000000000000000       0x10 CMakeFiles/stm32_experiments.dir/syscalls/syscalls.c.o
 .debug_macro   0x0000000000000000       0x10 CMakeFiles/stm32_experiments.dir/syscalls/syscalls.c.o
 .debug_macro   0x0000000000000000       0x2e CMakeFiles/stm32_experiments.dir/syscalls/syscalls.c.o
 .debug_macro   0x0000000000000000      0x102 CMakeFiles/stm32_experiments.dir/syscalls/syscalls.c.o
 .debug_line    0x0000000000000000      0x305 CMakeFiles/stm32_experiments.dir/syscalls/syscalls.c.o
 .debug_str     0x0000000000000000     0x69b8 CMakeFiles/stm32_experiments.dir/syscalls/syscalls.c.o
 .comment       0x0000000000000000       0x34 CMakeFiles/stm32_experiments.dir/syscalls/syscalls.c.o
 .debug_frame   0x0000000000000000      0x168 CMakeFiles/stm32_experiments.dir/syscalls/syscalls.c.o
 .ARM.attributes
                0x0000000000000000       0x2d CMakeFiles/stm32_experiments.dir/syscalls/syscalls.c.o
 .group         0x0000000000000000        0xc CMakeFiles/stm32_experiments.dir/main.c.o
 .group         0x0000000000000000        0xc CMakeFiles/stm32_experiments.dir/main.c.o
 .group         0x0000000000000000        0xc CMakeFiles/stm32_experiments.dir/main.c.o
 .group         0x0000000000000000        0xc CMakeFiles/stm32_experiments.dir/main.c.o
 .group         0x0000000000000000        0xc CMakeFiles/stm32_experiments.dir/main.c.o
 .group         0x0000000000000000        0xc CMakeFiles/stm32_experiments.dir/main.c.o
 .group         0x0000000000000000        0xc CMakeFiles/stm32_experiments.dir/main.c.o
 .group         0x0000000000000000        0xc CMakeFiles/stm32_experiments.dir/main.c.o
 .group         0x0000000000000000        0xc CMakeFiles/stm32_experiments.dir/main.c.o
 .group         0x0000000000000000        0xc CMakeFiles/stm32_experiments.dir/main.c.o
 .group         0x0000000000000000        0xc CMakeFiles/stm32_experiments.dir/main.c.o
 .group         0x0000000000000000        0xc CMakeFiles/stm32_experiments.dir/main.c.o
 .group         0x0000000000000000        0xc CMakeFiles/stm32_experiments.dir/main.c.o
 .group         0x0000000000000000        0xc CMakeFiles/stm32_experiments.dir/main.c.o
 .group         0x0000000000000000        0xc CMakeFiles/stm32_experiments.dir/main.c.o
 .group         0x0000000000000000        0xc CMakeFiles/stm32_experiments.dir/main.c.o
 .group         0x0000000000000000        0xc CMakeFiles/stm32_experiments.dir/main.c.o
 .group         0x0000000000000000        0xc CMakeFiles/stm32_experiments.dir/main.c.o
 .group         0x0000000000000000        0xc CMakeFiles/stm32_experiments.dir/main.c.o
 .group         0x0000000000000000        0xc CMakeFiles/stm32_experiments.dir/main.c.o
 .group         0x0000000000000000        0xc CMakeFiles/stm32_experiments.dir/main.c.o
 .group         0x0000000000000000        0xc CMakeFiles/stm32_experiments.dir/main.c.o
 .group         0x0000000000000000        0xc CMakeFiles/stm32_experiments.dir/main.c.o
 .group         0x0000000000000000        0xc CMakeFiles/stm32_experiments.dir/main.c.o
 .group         0x0000000000000000        0xc CMakeFiles/stm32_experiments.dir/main.c.o
 .group         0x0000000000000000        0xc CMakeFiles/stm32_experiments.dir/main.c.o
 .group         0x0000000000000000        0xc CMakeFiles/stm32_experiments.dir/main.c.o
 .group         0x0000000000000000        0xc CMakeFiles/stm32_experiments.dir/main.c.o
 .group         0x0000000000000000        0xc CMakeFiles/stm32_experiments.dir/main.c.o
 .group         0x0000000000000000        0xc CMakeFiles/stm32_experiments.dir/main.c.o
 .group         0x0000000000000000        0xc CMakeFiles/stm32_experiments.dir/main.c.o
 .text          0x0000000000000000        0x0 CMakeFiles/stm32_experiments.dir/main.c.o
 .data          0x0000000000000000        0x0 CMakeFiles/stm32_experiments.dir/main.c.o
 .bss           0x0000000000000000        0x0 CMakeFiles/stm32_experiments.dir/main.c.o
 .text.SPI1_Read
                0x0000000000000000       0x30 CMakeFiles/stm32_experiments.dir/main.c.o
 .text.DrawPixel
                0x0000000000000000       0x66 CMakeFiles/stm32_experiments.dir/main.c.o
 .debug_macro   0x0000000000000000      0xa5a CMakeFiles/stm32_experiments.dir/main.c.o
 .debug_macro   0x0000000000000000       0x22 CMakeFiles/stm32_experiments.dir/main.c.o
 .debug_macro   0x0000000000000000       0x52 CMakeFiles/stm32_experiments.dir/main.c.o
 .debug_macro   0x0000000000000000       0x18 CMakeFiles/stm32_experiments.dir/main.c.o
 .debug_macro   0x0000000000000000       0x5c CMakeFiles/stm32_experiments.dir/main.c.o
 .debug_macro   0x0000000000000000       0x35 CMakeFiles/stm32_experiments.dir/main.c.o
 .debug_macro   0x0000000000000000       0x34 CMakeFiles/stm32_experiments.dir/main.c.o
 .debug_macro   0x0000000000000000       0x16 CMakeFiles/stm32_experiments.dir/main.c.o
 .debug_macro   0x0000000000000000       0x43 CMakeFiles/stm32_experiments.dir/main.c.o
 .debug_macro   0x0000000000000000       0x57 CMakeFiles/stm32_experiments.dir/main.c.o
 .debug_macro   0x0000000000000000       0x34 CMakeFiles/stm32_experiments.dir/main.c.o
 .debug_macro   0x0000000000000000       0x10 CMakeFiles/stm32_experiments.dir/main.c.o
 .debug_macro   0x0000000000000000       0x52 CMakeFiles/stm32_experiments.dir/main.c.o
 .debug_macro   0x0000000000000000      0x182 CMakeFiles/stm32_experiments.dir/main.c.o
 .debug_macro   0x0000000000000000      0x356 CMakeFiles/stm32_experiments.dir/main.c.o
 .debug_macro   0x0000000000000000       0x35 CMakeFiles/stm32_experiments.dir/main.c.o
 .debug_macro   0x0000000000000000       0x10 CMakeFiles/stm32_experiments.dir/main.c.o
 .debug_macro   0x0000000000000000       0x10 CMakeFiles/stm32_experiments.dir/main.c.o
 .debug_macro   0x0000000000000000       0x6a CMakeFiles/stm32_experiments.dir/main.c.o
 .debug_macro   0x0000000000000000       0xb2 CMakeFiles/stm32_experiments.dir/main.c.o
 .debug_macro   0x0000000000000000       0x16 CMakeFiles/stm32_experiments.dir/main.c.o
 .debug_macro   0x0000000000000000      0x129 CMakeFiles/stm32_experiments.dir/main.c.o
 .debug_macro   0x0000000000000000       0x56 CMakeFiles/stm32_experiments.dir/main.c.o
 .debug_macro   0x0000000000000000       0x3a CMakeFiles/stm32_experiments.dir/main.c.o
 .debug_macro   0x0000000000000000      0x34e CMakeFiles/stm32_experiments.dir/main.c.o
 .debug_macro   0x0000000000000000       0x18 CMakeFiles/stm32_experiments.dir/main.c.o
 .debug_macro   0x0000000000000000      0xa8b CMakeFiles/stm32_experiments.dir/main.c.o
 .debug_macro   0x0000000000000000     0x7def CMakeFiles/stm32_experiments.dir/main.c.o
 .data          0x0000000000000000        0x0 /usr/lib/gcc/arm-none-eabi/10.3.1/../../../arm-none-eabi/lib/thumb/v7-m/nofp/libg.a(lib_a-memset.o)
 .bss           0x0000000000000000        0x0 /usr/lib/gcc/arm-none-eabi/10.3.1/../../../arm-none-eabi/lib/thumb/v7-m/nofp/libg.a(lib_a-memset.o)

Memory Configuration

Name             Origin             Length             Attributes
rom              0x0000000008000000 0x000000000000fc00 xr
flash            0x000000000800fc00 0x0000000000000400 xrw
ram              0x0000000020000000 0x0000000000005000 xrw
*default*        0x0000000000000000 0xffffffffffffffff

Linker script and memory map

                0x0000000000010000                __mcu_flash_size = 0x10000
                0x0000000000005000                __mcu_ram_size = 0x5000
                0x0000000000000400                __mcu_flash_page_size = 0x400
                0x0000000000000001                __mcu_flash_eeprom_pages = 0x1
                0x0000000000000000                _Min_Heap_Size = 0x0
                0x0000000000000100                _Min_Stack_Size = 0x100
                0x0000000008000000                __mcu_flash_rom_offset = 0x8000000
                0x0000000020000000                __mcu_ram_offset = 0x20000000
                0x0000000000000400                __mcu_flash_eeprom_size = (__mcu_flash_eeprom_pages * __mcu_flash_page_size)
                0x000000000000fc00                __mcu_flash_rom_size = (__mcu_flash_size - __mcu_flash_eeprom_size)
                0x000000000800fc00                __mcu_flash_eeprom_offset = (__mcu_flash_rom_offset + __mcu_flash_rom_size)
                0x0000000020005000                _estack = (__mcu_ram_offset + __mcu_ram_size)

.text           0x0000000008000000      0x750
 *(.isr_vector .isr_vector.*)
 .isr_vector    0x0000000008000000      0x10c CMakeFiles/stm32_experiments.dir/stm32/startup/startup_stm32f10x_md.c.o
                0x0000000008000000                g_pfnVectors
 *(.text .text.* .gnu.linkonce.t.*)
 .text.Default_Reset_Handler
                0x000000000800010c       0x60 CMakeFiles/stm32_experiments.dir/stm32/startup/startup_stm32f10x_md.c.o
                0x000000000800010c                Reset_Handler
                0x000000000800010c                Default_Reset_Handler
 .text.Default_Handler
                0x000000000800016c        0x6 CMakeFiles/stm32_experiments.dir/stm32/startup/startup_stm32f10x_md.c.o
                0x000000000800016c                EXTI2_IRQHandler
                0x000000000800016c                DebugMon_Handler
                0x000000000800016c                TIM1_CC_IRQHandler
                0x000000000800016c                HardFault_Handler
                0x000000000800016c                SysTick_Handler
                0x000000000800016c                PVD_IRQHandler
                0x000000000800016c                PendSV_Handler
                0x000000000800016c                NMI_Handler
                0x000000000800016c                EXTI3_IRQHandler
                0x000000000800016c                EXTI0_IRQHandler
                0x000000000800016c                I2C2_EV_IRQHandler
                0x000000000800016c                UsageFault_Handler
                0x000000000800016c                ADC1_2_IRQHandler
                0x000000000800016c                SPI1_IRQHandler
                0x000000000800016c                TAMPER_IRQHandler
                0x000000000800016c                DMA1_Channel4_IRQHandler
                0x000000000800016c                USART3_IRQHandler
                0x000000000800016c                RTC_IRQHandler
                0x000000000800016c                DMA1_Channel7_IRQHandler
                0x000000000800016c                CAN1_RX1_IRQHandler
                0x000000000800016c                TIM4_IRQHandler
                0x000000000800016c                I2C1_EV_IRQHandler
                0x000000000800016c                DMA1_Channel6_IRQHandler
                0x000000000800016c                TIM3_IRQHandler
                0x000000000800016c                RCC_IRQHandler
                0x000000000800016c                TIM1_TRG_COM_IRQHandler
                0x000000000800016c                DMA1_Channel1_IRQHandler
                0x000000000800016c                EXTI15_10_IRQHandler
                0x000000000800016c                EXTI9_5_IRQHandler
                0x000000000800016c                SPI2_IRQHandler
                0x000000000800016c                MemManage_Handler
                0x000000000800016c                SVC_Handler
                0x000000000800016c                DMA1_Channel5_IRQHandler
                0x000000000800016c                EXTI4_IRQHandler
                0x000000000800016c                USB_LP_CAN1_RX0_IRQHandler
                0x000000000800016c                USB_HP_CAN1_TX_IRQHandler
                0x000000000800016c                DMA1_Channel3_IRQHandler
                0x000000000800016c                TIM1_UP_IRQHandler
                0x000000000800016c                WWDG_IRQHandler
                0x000000000800016c                TIM2_IRQHandler
                0x000000000800016c                TIM1_BRK_IRQHandler
                0x000000000800016c                EXTI1_IRQHandler
                0x000000000800016c                RTCAlarm_IRQHandler
                0x000000000800016c                USART2_IRQHandler
                0x000000000800016c                I2C2_ER_IRQHandler
                0x000000000800016c                DMA1_Channel2_IRQHandler
                0x000000000800016c                CAN1_SCE_IRQHandler
                0x000000000800016c                FLASH_IRQHandler
                0x000000000800016c                BusFault_Handler
                0x000000000800016c                USART1_IRQHandler
                0x000000000800016c                I2C1_ER_IRQHandler
                0x000000000800016c                USBWakeUp_IRQHandler
 *fill*         0x0000000008000172        0x2 
 .text.SystemInit
                0x0000000008000174       0x68 CMakeFiles/stm32_experiments.dir/stm32/system_stm32f10x.c.o
                0x0000000008000174                SystemInit
 .text.SetSysClock
                0x00000000080001dc        0xc CMakeFiles/stm32_experiments.dir/stm32/system_stm32f10x.c.o
 .text.SetSysClockTo72
                0x00000000080001e8      0x100 CMakeFiles/stm32_experiments.dir/stm32/system_stm32f10x.c.o
 .text.delay    0x00000000080002e8       0x2c CMakeFiles/stm32_experiments.dir/main.c.o
                0x00000000080002e8                delay
 .text.SPI1_Init
                0x0000000008000314      0x118 CMakeFiles/stm32_experiments.dir/main.c.o
                0x0000000008000314                SPI1_Init
 .text.SPI1_Write
                0x000000000800042c       0x30 CMakeFiles/stm32_experiments.dir/main.c.o
                0x000000000800042c                SPI1_Write
 .text.cmd      0x000000000800045c       0x58 CMakeFiles/stm32_experiments.dir/main.c.o
                0x000000000800045c                cmd
 .text.dat      0x00000000080004b4       0x58 CMakeFiles/stm32_experiments.dir/main.c.o
                0x00000000080004b4                dat
 .text.DrawChess
                0x000000000800050c       0x72 CMakeFiles/stm32_experiments.dir/main.c.o
                0x000000000800050c                DrawChess
 *fill*         0x000000000800057e        0x2 
 .text.main     0x0000000008000580      0x12c CMakeFiles/stm32_experiments.dir/main.c.o
                0x0000000008000580                main
 .text          0x00000000080006ac       0xa4 /usr/lib/gcc/arm-none-eabi/10.3.1/../../../arm-none-eabi/lib/thumb/v7-m/nofp/libg.a(lib_a-memset.o)
                0x00000000080006ac                memset
 *(.glue_7t)
 .glue_7t       0x0000000008000750        0x0 linker stubs
 *(.glue_7)
 .glue_7        0x0000000008000750        0x0 linker stubs
 *(.rodata .rodata* .gnu.linkonce.r.*)

.vfp11_veneer   0x0000000008000750        0x0
 .vfp11_veneer  0x0000000008000750        0x0 linker stubs

.v4_bx          0x0000000008000750        0x0
 .v4_bx         0x0000000008000750        0x0 linker stubs

.iplt           0x0000000008000750        0x0
 .iplt          0x0000000008000750        0x0 CMakeFiles/stm32_experiments.dir/stm32/startup/startup_stm32f10x_md.c.o

.rel.dyn        0x0000000008000750        0x0
 .rel.iplt      0x0000000008000750        0x0 CMakeFiles/stm32_experiments.dir/stm32/startup/startup_stm32f10x_md.c.o

.ARM.extab
 *(.ARM.extab* .gnu.linkonce.armextab.*)

.ARM.exidx
 *(.ARM.exidx* .gnu.linkonce.armexidx.*)
                0x0000000008000750                . = ALIGN (0x4)
                0x0000000008000750                _etext = .
                0x0000000008000750                _sidata = .

.data           0x0000000020000000        0x0 load address 0x0000000008000750
                0x0000000020000000                _sdata = .
 *(.data .data.*)
                0x0000000020000000                . = ALIGN (0x4)
                0x0000000020000000                _edata = .

.igot.plt       0x0000000020000000        0x0
 .igot.plt      0x0000000020000000        0x0 CMakeFiles/stm32_experiments.dir/stm32/startup/startup_stm32f10x_md.c.o

.bss            0x0000000020000000      0x400
                0x0000000020000000                _sbss = .
 *(.bss .bss.*)
 .bss.LCD_Buf   0x0000000020000000      0x400 CMakeFiles/stm32_experiments.dir/main.c.o
                0x0000000020000000                LCD_Buf
 *(COMMON)
                0x0000000020000400                . = ALIGN (0x4)
                0x0000000020000400                _ebss = .

.ram_storage    0x0000000020000400        0x0
                0x0000000020000400                . = ALIGN (0x4)
 *(.ram_storage .ram_storage.*)

.co_stack       0x0000000020000400      0x400
                0x0000000020000400                . = ALIGN (0x8)
 *(.co_stack .co_stack.*)
 .co_stack      0x0000000020000400      0x400 CMakeFiles/stm32_experiments.dir/stm32/startup/startup_stm32f10x_md.c.o
                0x0000000020000400                pulStack
                0x0000000020000800                . = ALIGN (0x4)
                0x0000000020000800                _end = .
LOAD CMakeFiles/stm32_experiments.dir/stm32/startup/startup_stm32f10x_md.c.o
LOAD CMakeFiles/stm32_experiments.dir/stm32/system_stm32f10x.c.o
LOAD CMakeFiles/stm32_experiments.dir/syscalls/syscalls.c.o
LOAD CMakeFiles/stm32_experiments.dir/main.c.o
START GROUP
LOAD /usr/lib/gcc/arm-none-eabi/10.3.1/thumb/v7-m/nofp/libgcc.a
LOAD /usr/lib/gcc/arm-none-eabi/10.3.1/../../../arm-none-eabi/lib/thumb/v7-m/nofp/libg.a
LOAD /usr/lib/gcc/arm-none-eabi/10.3.1/../../../arm-none-eabi/lib/thumb/v7-m/nofp/libc.a
END GROUP
OUTPUT(build/stm32_experiments.elf elf32-littlearm)
LOAD linker stubs

.debug_info     0x0000000000000000      0xbb3
 .debug_info    0x0000000000000000       0xff CMakeFiles/stm32_experiments.dir/stm32/startup/startup_stm32f10x_md.c.o
 .debug_info    0x00000000000000ff      0x496 CMakeFiles/stm32_experiments.dir/stm32/system_stm32f10x.c.o
 .debug_info    0x0000000000000595      0x4e7 CMakeFiles/stm32_experiments.dir/main.c.o
 .debug_info    0x0000000000000a7c      0x137 /usr/lib/gcc/arm-none-eabi/10.3.1/../../../arm-none-eabi/lib/thumb/v7-m/nofp/libg.a(lib_a-memset.o)

.debug_abbrev   0x0000000000000000      0x4c3
 .debug_abbrev  0x0000000000000000       0xb6 CMakeFiles/stm32_experiments.dir/stm32/startup/startup_stm32f10x_md.c.o
 .debug_abbrev  0x00000000000000b6      0x180 CMakeFiles/stm32_experiments.dir/stm32/system_stm32f10x.c.o
 .debug_abbrev  0x0000000000000236      0x1d9 CMakeFiles/stm32_experiments.dir/main.c.o
 .debug_abbrev  0x000000000000040f       0xb4 /usr/lib/gcc/arm-none-eabi/10.3.1/../../../arm-none-eabi/lib/thumb/v7-m/nofp/libg.a(lib_a-memset.o)

.debug_aranges  0x0000000000000000       0xe0
 .debug_aranges
                0x0000000000000000       0x28 CMakeFiles/stm32_experiments.dir/stm32/startup/startup_stm32f10x_md.c.o
 .debug_aranges
                0x0000000000000028       0x38 CMakeFiles/stm32_experiments.dir/stm32/system_stm32f10x.c.o
 .debug_aranges
                0x0000000000000060       0x60 CMakeFiles/stm32_experiments.dir/main.c.o
 .debug_aranges
                0x00000000000000c0       0x20 /usr/lib/gcc/arm-none-eabi/10.3.1/../../../arm-none-eabi/lib/thumb/v7-m/nofp/libg.a(lib_a-memset.o)

.debug_ranges   0x0000000000000000       0x90
 .debug_ranges  0x0000000000000000       0x18 CMakeFiles/stm32_experiments.dir/stm32/startup/startup_stm32f10x_md.c.o
 .debug_ranges  0x0000000000000018       0x28 CMakeFiles/stm32_experiments.dir/stm32/system_stm32f10x.c.o
 .debug_ranges  0x0000000000000040       0x50 CMakeFiles/stm32_experiments.dir/main.c.o

.debug_macro    0x0000000000000000     0x9a66
 .debug_macro   0x0000000000000000       0x1d CMakeFiles/stm32_experiments.dir/stm32/startup/startup_stm32f10x_md.c.o
 .debug_macro   0x000000000000001d      0xa5a CMakeFiles/stm32_experiments.dir/stm32/startup/startup_stm32f10x_md.c.o
 .debug_macro   0x0000000000000a77       0x62 CMakeFiles/stm32_experiments.dir/stm32/system_stm32f10x.c.o
 .debug_macro   0x0000000000000ad9       0x56 CMakeFiles/stm32_experiments.dir/stm32/system_stm32f10x.c.o
 .debug_macro   0x0000000000000b2f       0x3a CMakeFiles/stm32_experiments.dir/stm32/system_stm32f10x.c.o
 .debug_macro   0x0000000000000b69      0x34e CMakeFiles/stm32_experiments.dir/stm32/system_stm32f10x.c.o
 .debug_macro   0x0000000000000eb7       0x18 CMakeFiles/stm32_experiments.dir/stm32/system_stm32f10x.c.o
 .debug_macro   0x0000000000000ecf      0xa8b CMakeFiles/stm32_experiments.dir/stm32/system_stm32f10x.c.o
 .debug_macro   0x000000000000195a     0x7def CMakeFiles/stm32_experiments.dir/stm32/system_stm32f10x.c.o
 .debug_macro   0x0000000000009749      0x184 CMakeFiles/stm32_experiments.dir/main.c.o
 .debug_macro   0x00000000000098cd      0x16d CMakeFiles/stm32_experiments.dir/main.c.o
 .debug_macro   0x0000000000009a3a       0x10 CMakeFiles/stm32_experiments.dir/main.c.o
 .debug_macro   0x0000000000009a4a       0x1c CMakeFiles/stm32_experiments.dir/main.c.o

.debug_line     0x0000000000000000      0xa8b
 .debug_line    0x0000000000000000       0xcd CMakeFiles/stm32_experiments.dir/stm32/startup/startup_stm32f10x_md.c.o
 .debug_line    0x00000000000000cd      0x2c7 CMakeFiles/stm32_experiments.dir/stm32/system_stm32f10x.c.o
 .debug_line    0x0000000000000394      0x538 CMakeFiles/stm32_experiments.dir/main.c.o
 .debug_line    0x00000000000008cc      0x1bf /usr/lib/gcc/arm-none-eabi/10.3.1/../../../arm-none-eabi/lib/thumb/v7-m/nofp/libg.a(lib_a-memset.o)

.debug_str      0x0000000000000000    0x369f1
 .debug_str     0x0000000000000000     0x2d7b CMakeFiles/stm32_experiments.dir/stm32/startup/startup_stm32f10x_md.c.o
                                       0x2d9a (size before relaxing)
 .debug_str     0x0000000000002d7b    0x305a0 CMakeFiles/stm32_experiments.dir/stm32/system_stm32f10x.c.o
                                      0x333b1 (size before relaxing)
 .debug_str     0x000000000003331b     0x35bf CMakeFiles/stm32_experiments.dir/main.c.o
                                      0x368ae (size before relaxing)
 .debug_str     0x00000000000368da      0x117 /usr/lib/gcc/arm-none-eabi/10.3.1/../../../arm-none-eabi/lib/thumb/v7-m/nofp/libg.a(lib_a-memset.o)
                                        0x1b3 (size before relaxing)

.comment        0x0000000000000000       0x33
 .comment       0x0000000000000000       0x33 CMakeFiles/stm32_experiments.dir/stm32/startup/startup_stm32f10x_md.c.o
                                         0x34 (size before relaxing)
 .comment       0x0000000000000033       0x34 CMakeFiles/stm32_experiments.dir/stm32/system_stm32f10x.c.o
 .comment       0x0000000000000033       0x34 CMakeFiles/stm32_experiments.dir/main.c.o
 .comment       0x0000000000000033       0x34 /usr/lib/gcc/arm-none-eabi/10.3.1/../../../arm-none-eabi/lib/thumb/v7-m/nofp/libg.a(lib_a-memset.o)

.ARM.attributes
                0x0000000000000000       0x2d
 .ARM.attributes
                0x0000000000000000       0x2d CMakeFiles/stm32_experiments.dir/stm32/startup/startup_stm32f10x_md.c.o
 .ARM.attributes
                0x000000000000002d       0x2d CMakeFiles/stm32_experiments.dir/stm32/system_stm32f10x.c.o
 .ARM.attributes
                0x000000000000005a       0x2d CMakeFiles/stm32_experiments.dir/main.c.o
 .ARM.attributes
                0x0000000000000087       0x2d /usr/lib/gcc/arm-none-eabi/10.3.1/../../../arm-none-eabi/lib/thumb/v7-m/nofp/libg.a(lib_a-memset.o)

.debug_frame    0x0000000000000000      0x260
 .debug_frame   0x0000000000000000       0x4c CMakeFiles/stm32_experiments.dir/stm32/startup/startup_stm32f10x_md.c.o
 .debug_frame   0x000000000000004c       0x98 CMakeFiles/stm32_experiments.dir/stm32/system_stm32f10x.c.o
 .debug_frame   0x00000000000000e4      0x150 CMakeFiles/stm32_experiments.dir/main.c.o
 .debug_frame   0x0000000000000234       0x2c /usr/lib/gcc/arm-none-eabi/10.3.1/../../../arm-none-eabi/lib/thumb/v7-m/nofp/libg.a(lib_a-memset.o)

.debug_loc      0x0000000000000000      0x22c
 .debug_loc     0x0000000000000000      0x22c /usr/lib/gcc/arm-none-eabi/10.3.1/../../../arm-none-eabi/lib/thumb/v7-m/nofp/libg.a(lib_a-memset.o)
