Archive member included to satisfy reference by file (symbol)

/usr/lib/gcc/arm-none-eabi/10.3.1/../../../arm-none-eabi/lib/thumb/v7-m/nofp/libg.a(lib_a-memset.o)
                              CMakeFiles/stm32_experiments.dir/main.c.o (memset)

Discarded input sections

 .group         0x0000000000000000        0xc CMakeFiles/stm32_experiments.dir/stm32/startup/startup_stm32f10x_md.c.o
 .text          0x0000000000000000        0x0 CMakeFiles/stm32_experiments.dir/stm32/startup/startup_stm32f10x_md.c.o
 .data          0x0000000000000000        0x0 CMakeFiles/stm32_experiments.dir/stm32/startup/startup_stm32f10x_md.c.o
 .bss           0x0000000000000000        0x0 CMakeFiles/stm32_experiments.dir/stm32/startup/startup_stm32f10x_md.c.o
 .group         0x0000000000000000        0xc CMakeFiles/stm32_experiments.dir/stm32/system_stm32f10x.c.o
 .group         0x0000000000000000        0xc CMakeFiles/stm32_experiments.dir/stm32/system_stm32f10x.c.o
 .group         0x0000000000000000        0xc CMakeFiles/stm32_experiments.dir/stm32/system_stm32f10x.c.o
 .group         0x0000000000000000        0xc CMakeFiles/stm32_experiments.dir/stm32/system_stm32f10x.c.o
 .group         0x0000000000000000        0xc CMakeFiles/stm32_experiments.dir/stm32/system_stm32f10x.c.o
 .group         0x0000000000000000        0xc CMakeFiles/stm32_experiments.dir/stm32/system_stm32f10x.c.o
 .group         0x0000000000000000        0xc CMakeFiles/stm32_experiments.dir/stm32/system_stm32f10x.c.o
 .text          0x0000000000000000        0x0 CMakeFiles/stm32_experiments.dir/stm32/system_stm32f10x.c.o
 .data          0x0000000000000000        0x0 CMakeFiles/stm32_experiments.dir/stm32/system_stm32f10x.c.o
 .bss           0x0000000000000000        0x0 CMakeFiles/stm32_experiments.dir/stm32/system_stm32f10x.c.o
 .data.SystemCoreClock
                0x0000000000000000        0x4 CMakeFiles/stm32_experiments.dir/stm32/system_stm32f10x.c.o
 .data.AHBPrescTable
                0x0000000000000000       0x10 CMakeFiles/stm32_experiments.dir/stm32/system_stm32f10x.c.o
 .text.SystemCoreClockUpdate
                0x0000000000000000       0xe4 CMakeFiles/stm32_experiments.dir/stm32/system_stm32f10x.c.o
 .debug_macro   0x0000000000000000      0xa5a CMakeFiles/stm32_experiments.dir/stm32/system_stm32f10x.c.o
 .group         0x0000000000000000        0xc CMakeFiles/stm32_experiments.dir/syscalls/syscalls.c.o
 .group         0x0000000000000000        0xc CMakeFiles/stm32_experiments.dir/syscalls/syscalls.c.o
 .group         0x0000000000000000        0xc CMakeFiles/stm32_experiments.dir/syscalls/syscalls.c.o
 .group         0x0000000000000000        0xc CMakeFiles/stm32_experiments.dir/syscalls/syscalls.c.o
 .group         0x0000000000000000        0xc CMakeFiles/stm32_experiments.dir/syscalls/syscalls.c.o
 .group         0x0000000000000000        0xc CMakeFiles/stm32_experiments.dir/syscalls/syscalls.c.o
 .group         0x0000000000000000        0xc CMakeFiles/stm32_experiments.dir/syscalls/syscalls.c.o
 .group         0x0000000000000000        0xc CMakeFiles/stm32_experiments.dir/syscalls/syscalls.c.o
 .group         0x0000000000000000        0xc CMakeFiles/stm32_experiments.dir/syscalls/syscalls.c.o
 .group         0x0000000000000000        0xc CMakeFiles/stm32_experiments.dir/syscalls/syscalls.c.o
 .group         0x0000000000000000        0xc CMakeFiles/stm32_experiments.dir/syscalls/syscalls.c.o
 .group         0x0000000000000000        0xc CMakeFiles/stm32_experiments.dir/syscalls/syscalls.c.o
 .group         0x0000000000000000        0xc CMakeFiles/stm32_experiments.dir/syscalls/syscalls.c.o
 .group         0x0000000000000000        0xc CMakeFiles/stm32_experiments.dir/syscalls/syscalls.c.o
 .group         0x0000000000000000        0xc CMakeFiles/stm32_experiments.dir/syscalls/syscalls.c.o
 .group         0x0000000000000000        0xc CMakeFiles/stm32_experiments.dir/syscalls/syscalls.c.o
 .group         0x0000000000000000        0xc CMakeFiles/stm32_experiments.dir/syscalls/syscalls.c.o
 .group         0x0000000000000000        0xc CMakeFiles/stm32_experiments.dir/syscalls/syscalls.c.o
 .group         0x0000000000000000        0xc CMakeFiles/stm32_experiments.dir/syscalls/syscalls.c.o
 .group         0x0000000000000000        0xc CMakeFiles/stm32_experiments.dir/syscalls/syscalls.c.o
 .group         0x0000000000000000        0xc CMakeFiles/stm32_experiments.dir/syscalls/syscalls.c.o
 .group         0x0000000000000000        0xc CMakeFiles/stm32_experiments.dir/syscalls/syscalls.c.o
 .group         0x0000000000000000        0xc CMakeFiles/stm32_experiments.dir/syscalls/syscalls.c.o
 .group         0x0000000000000000        0xc CMakeFiles/stm32_experiments.dir/syscalls/syscalls.c.o
 .group         0x0000000000000000        0xc CMakeFiles/stm32_experiments.dir/syscalls/syscalls.c.o
 .group         0x0000000000000000        0xc CMakeFiles/stm32_experiments.dir/syscalls/syscalls.c.o
 .group         0x0000000000000000        0xc CMakeFiles/stm32_experiments.dir/syscalls/syscalls.c.o
 .group         0x0000000000000000        0xc CMakeFiles/stm32_experiments.dir/syscalls/syscalls.c.o
 .group         0x0000000000000000        0xc CMakeFiles/stm32_experiments.dir/syscalls/syscalls.c.o
 .group         0x0000000000000000        0xc CMakeFiles/stm32_experiments.dir/syscalls/syscalls.c.o
 .group         0x0000000000000000        0xc CMakeFiles/stm32_experiments.dir/syscalls/syscalls.c.o
 .text          0x0000000000000000        0x0 CMakeFiles/stm32_experiments.dir/syscalls/syscalls.c.o
 .data          0x0000000000000000        0x0 CMakeFiles/stm32_experiments.dir/syscalls/syscalls.c.o
 .bss           0x0000000000000000        0x0 CMakeFiles/stm32_experiments.dir/syscalls/syscalls.c.o
 .text._sbrk    0x0000000000000000       0x3c CMakeFiles/stm32_experiments.dir/syscalls/syscalls.c.o
 .text.link     0x0000000000000000       0x18 CMakeFiles/stm32_experiments.dir/syscalls/syscalls.c.o
 .text._close   0x0000000000000000       0x16 CMakeFiles/stm32_experiments.dir/syscalls/syscalls.c.o
 .text._fstat   0x0000000000000000       0x1e CMakeFiles/stm32_experiments.dir/syscalls/syscalls.c.o
 .text._isatty  0x0000000000000000       0x14 CMakeFiles/stm32_experiments.dir/syscalls/syscalls.c.o
 .text._lseek   0x0000000000000000       0x18 CMakeFiles/stm32_experiments.dir/syscalls/syscalls.c.o
 .text._read    0x0000000000000000       0x18 CMakeFiles/stm32_experiments.dir/syscalls/syscalls.c.o
 .text._write   0x0000000000000000       0x18 CMakeFiles/stm32_experiments.dir/syscalls/syscalls.c.o
 .text.abort    0x0000000000000000        0x6 CMakeFiles/stm32_experiments.dir/syscalls/syscalls.c.o
 .bss.heap.0    0x0000000000000000        0x4 CMakeFiles/stm32_experiments.dir/syscalls/syscalls.c.o
 .debug_info    0x0000000000000000      0x49b CMakeFiles/stm32_experiments.dir/syscalls/syscalls.c.o
 .debug_abbrev  0x0000000000000000      0x113 CMakeFiles/stm32_experiments.dir/syscalls/syscalls.c.o
 .debug_aranges
                0x0000000000000000       0x60 CMakeFiles/stm32_experiments.dir/syscalls/syscalls.c.o
 .debug_ranges  0x0000000000000000       0x50 CMakeFiles/stm32_experiments.dir/syscalls/syscalls.c.o
 .debug_macro   0x0000000000000000      0x180 CMakeFiles/stm32_experiments.dir/syscalls/syscalls.c.o
 .debug_macro   0x0000000000000000      0xa5a CMakeFiles/stm32_experiments.dir/syscalls/syscalls.c.o
 .debug_macro   0x0000000000000000       0x22 CMakeFiles/stm32_experiments.dir/syscalls/syscalls.c.o
 .debug_macro   0x0000000000000000       0x52 CMakeFiles/stm32_experiments.dir/syscalls/syscalls.c.o
 .debug_macro   0x0000000000000000       0x18 CMakeFiles/stm32_experiments.dir/syscalls/syscalls.c.o
 .debug_macro   0x0000000000000000       0x5c CMakeFiles/stm32_experiments.dir/syscalls/syscalls.c.o
 .debug_macro   0x0000000000000000       0x35 CMakeFiles/stm32_experiments.dir/syscalls/syscalls.c.o
 .debug_macro   0x0000000000000000       0x34 CMakeFiles/stm32_experiments.dir/syscalls/syscalls.c.o
 .debug_macro   0x0000000000000000       0x16 CMakeFiles/stm32_experiments.dir/syscalls/syscalls.c.o
 .debug_macro   0x0000000000000000       0x57 CMakeFiles/stm32_experiments.dir/syscalls/syscalls.c.o
 .debug_macro   0x0000000000000000       0x97 CMakeFiles/stm32_experiments.dir/syscalls/syscalls.c.o
 .debug_macro   0x0000000000000000      0x356 CMakeFiles/stm32_experiments.dir/syscalls/syscalls.c.o
 .debug_macro   0x0000000000000000       0xf6 CMakeFiles/stm32_experiments.dir/syscalls/syscalls.c.o
 .debug_macro   0x0000000000000000       0x10 CMakeFiles/stm32_experiments.dir/syscalls/syscalls.c.o
 .debug_macro   0x0000000000000000       0x16 CMakeFiles/stm32_experiments.dir/syscalls/syscalls.c.o
 .debug_macro   0x0000000000000000       0x43 CMakeFiles/stm32_experiments.dir/syscalls/syscalls.c.o
 .debug_macro   0x0000000000000000       0x34 CMakeFiles/stm32_experiments.dir/syscalls/syscalls.c.o
 .debug_macro   0x0000000000000000       0x10 CMakeFiles/stm32_experiments.dir/syscalls/syscalls.c.o
 .debug_macro   0x0000000000000000       0x52 CMakeFiles/stm32_experiments.dir/syscalls/syscalls.c.o
 .debug_macro   0x0000000000000000      0x182 CMakeFiles/stm32_experiments.dir/syscalls/syscalls.c.o
 .debug_macro   0x0000000000000000       0x10 CMakeFiles/stm32_experiments.dir/syscalls/syscalls.c.o
 .debug_macro   0x0000000000000000       0x6a CMakeFiles/stm32_experiments.dir/syscalls/syscalls.c.o
 .debug_macro   0x0000000000000000       0xb2 CMakeFiles/stm32_experiments.dir/syscalls/syscalls.c.o
 .debug_macro   0x0000000000000000       0x16 CMakeFiles/stm32_experiments.dir/syscalls/syscalls.c.o
 .debug_macro   0x0000000000000000      0x129 CMakeFiles/stm32_experiments.dir/syscalls/syscalls.c.o
 .debug_macro   0x0000000000000000       0x52 CMakeFiles/stm32_experiments.dir/syscalls/syscalls.c.o
 .debug_macro   0x0000000000000000       0x16 CMakeFiles/stm32_experiments.dir/syscalls/syscalls.c.o
 .debug_macro   0x0000000000000000       0x35 CMakeFiles/stm32_experiments.dir/syscalls/syscalls.c.o
 .debug_macro   0x0000000000000000       0x10 CMakeFiles/stm32_experiments.dir/syscalls/syscalls.c.o
 .debug_macro   0x0000000000000000       0x10 CMakeFiles/stm32_experiments.dir/syscalls/syscalls.c.o
 .debug_macro   0x0000000000000000       0x2e CMakeFiles/stm32_experiments.dir/syscalls/syscalls.c.o
 .debug_macro   0x0000000000000000      0x102 CMakeFiles/stm32_experiments.dir/syscalls/syscalls.c.o
 .debug_line    0x0000000000000000      0x2fd CMakeFiles/stm32_experiments.dir/syscalls/syscalls.c.o
 .debug_str     0x0000000000000000     0x69a8 CMakeFiles/stm32_experiments.dir/syscalls/syscalls.c.o
 .comment       0x0000000000000000       0x34 CMakeFiles/stm32_experiments.dir/syscalls/syscalls.c.o
 .debug_frame   0x0000000000000000      0x168 CMakeFiles/stm32_experiments.dir/syscalls/syscalls.c.o
 .ARM.attributes
                0x0000000000000000       0x2d CMakeFiles/stm32_experiments.dir/syscalls/syscalls.c.o
 .group         0x0000000000000000        0xc CMakeFiles/stm32_experiments.dir/main.c.o
 .group         0x0000000000000000        0xc CMakeFiles/stm32_experiments.dir/main.c.o
 .group         0x0000000000000000        0xc CMakeFiles/stm32_experiments.dir/main.c.o
 .group         0x0000000000000000        0xc CMakeFiles/stm32_experiments.dir/main.c.o
 .group         0x0000000000000000        0xc CMakeFiles/stm32_experiments.dir/main.c.o
 .group         0x0000000000000000        0xc CMakeFiles/stm32_experiments.dir/main.c.o
 .group         0x0000000000000000        0xc CMakeFiles/stm32_experiments.dir/main.c.o
 .group         0x0000000000000000        0xc CMakeFiles/stm32_experiments.dir/main.c.o
 .group         0x0000000000000000        0xc CMakeFiles/stm32_experiments.dir/main.c.o
 .group         0x0000000000000000        0xc CMakeFiles/stm32_experiments.dir/main.c.o
 .group         0x0000000000000000        0xc CMakeFiles/stm32_experiments.dir/main.c.o
 .group         0x0000000000000000        0xc CMakeFiles/stm32_experiments.dir/main.c.o
 .group         0x0000000000000000        0xc CMakeFiles/stm32_experiments.dir/main.c.o
 .group         0x0000000000000000        0xc CMakeFiles/stm32_experiments.dir/main.c.o
 .group         0x0000000000000000        0xc CMakeFiles/stm32_experiments.dir/main.c.o
 .group         0x0000000000000000        0xc CMakeFiles/stm32_experiments.dir/main.c.o
 .group         0x0000000000000000        0xc CMakeFiles/stm32_experiments.dir/main.c.o
 .group         0x0000000000000000        0xc CMakeFiles/stm32_experiments.dir/main.c.o
 .group         0x0000000000000000        0xc CMakeFiles/stm32_experiments.dir/main.c.o
 .group         0x0000000000000000        0xc CMakeFiles/stm32_experiments.dir/main.c.o
 .group         0x0000000000000000        0xc CMakeFiles/stm32_experiments.dir/main.c.o
 .group         0x0000000000000000        0xc CMakeFiles/stm32_experiments.dir/main.c.o
 .group         0x0000000000000000        0xc CMakeFiles/stm32_experiments.dir/main.c.o
 .group         0x0000000000000000        0xc CMakeFiles/stm32_experiments.dir/main.c.o
 .group         0x0000000000000000        0xc CMakeFiles/stm32_experiments.dir/main.c.o
 .group         0x0000000000000000        0xc CMakeFiles/stm32_experiments.dir/main.c.o
 .group         0x0000000000000000        0xc CMakeFiles/stm32_experiments.dir/main.c.o
 .group         0x0000000000000000        0xc CMakeFiles/stm32_experiments.dir/main.c.o
 .group         0x0000000000000000        0xc CMakeFiles/stm32_experiments.dir/main.c.o
 .group         0x0000000000000000        0xc CMakeFiles/stm32_experiments.dir/main.c.o
 .group         0x0000000000000000        0xc CMakeFiles/stm32_experiments.dir/main.c.o
 .group         0x0000000000000000        0xc CMakeFiles/stm32_experiments.dir/main.c.o
 .group         0x0000000000000000        0xc CMakeFiles/stm32_experiments.dir/main.c.o
 .group         0x0000000000000000        0xc CMakeFiles/stm32_experiments.dir/main.c.o
 .text          0x0000000000000000        0x0 CMakeFiles/stm32_experiments.dir/main.c.o
 .data          0x0000000000000000        0x0 CMakeFiles/stm32_experiments.dir/main.c.o
 .bss           0x0000000000000000        0x0 CMakeFiles/stm32_experiments.dir/main.c.o
 .debug_macro   0x0000000000000000      0xa5a CMakeFiles/stm32_experiments.dir/main.c.o
 .debug_macro   0x0000000000000000       0x22 CMakeFiles/stm32_experiments.dir/main.c.o
 .debug_macro   0x0000000000000000       0x52 CMakeFiles/stm32_experiments.dir/main.c.o
 .debug_macro   0x0000000000000000       0x18 CMakeFiles/stm32_experiments.dir/main.c.o
 .debug_macro   0x0000000000000000       0x5c CMakeFiles/stm32_experiments.dir/main.c.o
 .debug_macro   0x0000000000000000       0x35 CMakeFiles/stm32_experiments.dir/main.c.o
 .debug_macro   0x0000000000000000       0x34 CMakeFiles/stm32_experiments.dir/main.c.o
 .debug_macro   0x0000000000000000       0x16 CMakeFiles/stm32_experiments.dir/main.c.o
 .debug_macro   0x0000000000000000       0x43 CMakeFiles/stm32_experiments.dir/main.c.o
 .debug_macro   0x0000000000000000       0x57 CMakeFiles/stm32_experiments.dir/main.c.o
 .debug_macro   0x0000000000000000       0x34 CMakeFiles/stm32_experiments.dir/main.c.o
 .debug_macro   0x0000000000000000       0x10 CMakeFiles/stm32_experiments.dir/main.c.o
 .debug_macro   0x0000000000000000       0x52 CMakeFiles/stm32_experiments.dir/main.c.o
 .debug_macro   0x0000000000000000      0x182 CMakeFiles/stm32_experiments.dir/main.c.o
 .debug_macro   0x0000000000000000      0x356 CMakeFiles/stm32_experiments.dir/main.c.o
 .debug_macro   0x0000000000000000       0x35 CMakeFiles/stm32_experiments.dir/main.c.o
 .debug_macro   0x0000000000000000       0x10 CMakeFiles/stm32_experiments.dir/main.c.o
 .debug_macro   0x0000000000000000       0x10 CMakeFiles/stm32_experiments.dir/main.c.o
 .debug_macro   0x0000000000000000       0x6a CMakeFiles/stm32_experiments.dir/main.c.o
 .debug_macro   0x0000000000000000       0xb2 CMakeFiles/stm32_experiments.dir/main.c.o
 .debug_macro   0x0000000000000000       0x16 CMakeFiles/stm32_experiments.dir/main.c.o
 .debug_macro   0x0000000000000000      0x129 CMakeFiles/stm32_experiments.dir/main.c.o
 .debug_macro   0x0000000000000000       0x56 CMakeFiles/stm32_experiments.dir/main.c.o
 .debug_macro   0x0000000000000000       0x3a CMakeFiles/stm32_experiments.dir/main.c.o
 .debug_macro   0x0000000000000000      0x34e CMakeFiles/stm32_experiments.dir/main.c.o
 .debug_macro   0x0000000000000000       0x18 CMakeFiles/stm32_experiments.dir/main.c.o
 .debug_macro   0x0000000000000000      0xa8b CMakeFiles/stm32_experiments.dir/main.c.o
 .debug_macro   0x0000000000000000     0x7def CMakeFiles/stm32_experiments.dir/main.c.o
 .group         0x0000000000000000        0xc CMakeFiles/stm32_experiments.dir/lib/showstring.c.o
 .group         0x0000000000000000        0xc CMakeFiles/stm32_experiments.dir/lib/showstring.c.o
 .group         0x0000000000000000        0xc CMakeFiles/stm32_experiments.dir/lib/showstring.c.o
 .group         0x0000000000000000        0xc CMakeFiles/stm32_experiments.dir/lib/showstring.c.o
 .group         0x0000000000000000        0xc CMakeFiles/stm32_experiments.dir/lib/showstring.c.o
 .group         0x0000000000000000        0xc CMakeFiles/stm32_experiments.dir/lib/showstring.c.o
 .group         0x0000000000000000        0xc CMakeFiles/stm32_experiments.dir/lib/showstring.c.o
 .group         0x0000000000000000        0xc CMakeFiles/stm32_experiments.dir/lib/showstring.c.o
 .group         0x0000000000000000        0xc CMakeFiles/stm32_experiments.dir/lib/showstring.c.o
 .group         0x0000000000000000        0xc CMakeFiles/stm32_experiments.dir/lib/showstring.c.o
 .group         0x0000000000000000        0xc CMakeFiles/stm32_experiments.dir/lib/showstring.c.o
 .group         0x0000000000000000        0xc CMakeFiles/stm32_experiments.dir/lib/showstring.c.o
 .group         0x0000000000000000        0xc CMakeFiles/stm32_experiments.dir/lib/showstring.c.o
 .group         0x0000000000000000        0xc CMakeFiles/stm32_experiments.dir/lib/showstring.c.o
 .group         0x0000000000000000        0xc CMakeFiles/stm32_experiments.dir/lib/showstring.c.o
 .group         0x0000000000000000        0xc CMakeFiles/stm32_experiments.dir/lib/showstring.c.o
 .group         0x0000000000000000        0xc CMakeFiles/stm32_experiments.dir/lib/showstring.c.o
 .group         0x0000000000000000        0xc CMakeFiles/stm32_experiments.dir/lib/showstring.c.o
 .group         0x0000000000000000        0xc CMakeFiles/stm32_experiments.dir/lib/showstring.c.o
 .group         0x0000000000000000        0xc CMakeFiles/stm32_experiments.dir/lib/showstring.c.o
 .group         0x0000000000000000        0xc CMakeFiles/stm32_experiments.dir/lib/showstring.c.o
 .group         0x0000000000000000        0xc CMakeFiles/stm32_experiments.dir/lib/showstring.c.o
 .group         0x0000000000000000        0xc CMakeFiles/stm32_experiments.dir/lib/showstring.c.o
 .group         0x0000000000000000        0xc CMakeFiles/stm32_experiments.dir/lib/showstring.c.o
 .group         0x0000000000000000        0xc CMakeFiles/stm32_experiments.dir/lib/showstring.c.o
 .group         0x0000000000000000        0xc CMakeFiles/stm32_experiments.dir/lib/showstring.c.o
 .group         0x0000000000000000        0xc CMakeFiles/stm32_experiments.dir/lib/showstring.c.o
 .group         0x0000000000000000        0xc CMakeFiles/stm32_experiments.dir/lib/showstring.c.o
 .group         0x0000000000000000        0xc CMakeFiles/stm32_experiments.dir/lib/showstring.c.o
 .group         0x0000000000000000        0xc CMakeFiles/stm32_experiments.dir/lib/showstring.c.o
 .group         0x0000000000000000        0xc CMakeFiles/stm32_experiments.dir/lib/showstring.c.o
 .group         0x0000000000000000        0xc CMakeFiles/stm32_experiments.dir/lib/showstring.c.o
 .group         0x0000000000000000        0xc CMakeFiles/stm32_experiments.dir/lib/showstring.c.o
 .group         0x0000000000000000        0xc CMakeFiles/stm32_experiments.dir/lib/showstring.c.o
 .text          0x0000000000000000        0x0 CMakeFiles/stm32_experiments.dir/lib/showstring.c.o
 .data          0x0000000000000000        0x0 CMakeFiles/stm32_experiments.dir/lib/showstring.c.o
 .bss           0x0000000000000000        0x0 CMakeFiles/stm32_experiments.dir/lib/showstring.c.o
 .bss.LCD_Buf   0x0000000000000000      0x400 CMakeFiles/stm32_experiments.dir/lib/showstring.c.o
 .text.dat_bulk
                0x0000000000000000       0x70 CMakeFiles/stm32_experiments.dir/lib/showstring.c.o
 .text.lcdbufPutPixel
                0x0000000000000000       0x6c CMakeFiles/stm32_experiments.dir/lib/showstring.c.o
 .text.lcdbufBlitScreen
                0x0000000000000000       0x54 CMakeFiles/stm32_experiments.dir/lib/showstring.c.o
 .text.lcdbufBlitRect
                0x0000000000000000       0xd8 CMakeFiles/stm32_experiments.dir/lib/showstring.c.o
 .text.DrawPixel
                0x0000000000000000       0x98 CMakeFiles/stm32_experiments.dir/lib/showstring.c.o
 .text.DrawChess
                0x0000000000000000       0x72 CMakeFiles/stm32_experiments.dir/lib/showstring.c.o
 .text.lcdbufDrawLine
                0x0000000000000000      0x148 CMakeFiles/stm32_experiments.dir/lib/showstring.c.o
 .debug_macro   0x0000000000000000      0xa5a CMakeFiles/stm32_experiments.dir/lib/showstring.c.o
 .debug_macro   0x0000000000000000       0x22 CMakeFiles/stm32_experiments.dir/lib/showstring.c.o
 .debug_macro   0x0000000000000000       0x52 CMakeFiles/stm32_experiments.dir/lib/showstring.c.o
 .debug_macro   0x0000000000000000       0x18 CMakeFiles/stm32_experiments.dir/lib/showstring.c.o
 .debug_macro   0x0000000000000000       0x5c CMakeFiles/stm32_experiments.dir/lib/showstring.c.o
 .debug_macro   0x0000000000000000       0x35 CMakeFiles/stm32_experiments.dir/lib/showstring.c.o
 .debug_macro   0x0000000000000000       0x34 CMakeFiles/stm32_experiments.dir/lib/showstring.c.o
 .debug_macro   0x0000000000000000      0x16d CMakeFiles/stm32_experiments.dir/lib/showstring.c.o
 .debug_macro   0x0000000000000000       0x16 CMakeFiles/stm32_experiments.dir/lib/showstring.c.o
 .debug_macro   0x0000000000000000       0x43 CMakeFiles/stm32_experiments.dir/lib/showstring.c.o
 .debug_macro   0x0000000000000000       0x57 CMakeFiles/stm32_experiments.dir/lib/showstring.c.o
 .debug_macro   0x0000000000000000       0x34 CMakeFiles/stm32_experiments.dir/lib/showstring.c.o
 .debug_macro   0x0000000000000000       0x10 CMakeFiles/stm32_experiments.dir/lib/showstring.c.o
 .debug_macro   0x0000000000000000       0x52 CMakeFiles/stm32_experiments.dir/lib/showstring.c.o
 .debug_macro   0x0000000000000000      0x182 CMakeFiles/stm32_experiments.dir/lib/showstring.c.o
 .debug_macro   0x0000000000000000      0x356 CMakeFiles/stm32_experiments.dir/lib/showstring.c.o
 .debug_macro   0x0000000000000000       0x10 CMakeFiles/stm32_experiments.dir/lib/showstring.c.o
 .debug_macro   0x0000000000000000       0x35 CMakeFiles/stm32_experiments.dir/lib/showstring.c.o
 .debug_macro   0x0000000000000000       0x1c CMakeFiles/stm32_experiments.dir/lib/showstring.c.o
 .debug_macro   0x0000000000000000       0x10 CMakeFiles/stm32_experiments.dir/lib/showstring.c.o
 .debug_macro   0x0000000000000000       0x10 CMakeFiles/stm32_experiments.dir/lib/showstring.c.o
 .debug_macro   0x0000000000000000       0x6a CMakeFiles/stm32_experiments.dir/lib/showstring.c.o
 .debug_macro   0x0000000000000000       0xb2 CMakeFiles/stm32_experiments.dir/lib/showstring.c.o
 .debug_macro   0x0000000000000000       0x16 CMakeFiles/stm32_experiments.dir/lib/showstring.c.o
 .debug_macro   0x0000000000000000      0x129 CMakeFiles/stm32_experiments.dir/lib/showstring.c.o
 .debug_macro   0x0000000000000000       0x56 CMakeFiles/stm32_experiments.dir/lib/showstring.c.o
 .debug_macro   0x0000000000000000       0x3a CMakeFiles/stm32_experiments.dir/lib/showstring.c.o
 .debug_macro   0x0000000000000000      0x34e CMakeFiles/stm32_experiments.dir/lib/showstring.c.o
 .debug_macro   0x0000000000000000       0x18 CMakeFiles/stm32_experiments.dir/lib/showstring.c.o
 .debug_macro   0x0000000000000000      0xa8b CMakeFiles/stm32_experiments.dir/lib/showstring.c.o
 .debug_macro   0x0000000000000000     0x7def CMakeFiles/stm32_experiments.dir/lib/showstring.c.o
 .debug_macro   0x0000000000000000       0x28 CMakeFiles/stm32_experiments.dir/lib/showstring.c.o
 .debug_macro   0x0000000000000000       0x22 CMakeFiles/stm32_experiments.dir/lib/showstring.c.o
 .debug_macro   0x0000000000000000       0x10 CMakeFiles/stm32_experiments.dir/lib/showstring.c.o
 .group         0x0000000000000000        0xc CMakeFiles/stm32_experiments.dir/lib/spi.c.o
 .group         0x0000000000000000        0xc CMakeFiles/stm32_experiments.dir/lib/spi.c.o
 .group         0x0000000000000000        0xc CMakeFiles/stm32_experiments.dir/lib/spi.c.o
 .group         0x0000000000000000        0xc CMakeFiles/stm32_experiments.dir/lib/spi.c.o
 .group         0x0000000000000000        0xc CMakeFiles/stm32_experiments.dir/lib/spi.c.o
 .group         0x0000000000000000        0xc CMakeFiles/stm32_experiments.dir/lib/spi.c.o
 .group         0x0000000000000000        0xc CMakeFiles/stm32_experiments.dir/lib/spi.c.o
 .group         0x0000000000000000        0xc CMakeFiles/stm32_experiments.dir/lib/spi.c.o
 .text          0x0000000000000000        0x0 CMakeFiles/stm32_experiments.dir/lib/spi.c.o
 .data          0x0000000000000000        0x0 CMakeFiles/stm32_experiments.dir/lib/spi.c.o
 .bss           0x0000000000000000        0x0 CMakeFiles/stm32_experiments.dir/lib/spi.c.o
 .text.SPI1_Read
                0x0000000000000000       0x30 CMakeFiles/stm32_experiments.dir/lib/spi.c.o
 .debug_macro   0x0000000000000000      0xa5a CMakeFiles/stm32_experiments.dir/lib/spi.c.o
 .debug_macro   0x0000000000000000      0x16d CMakeFiles/stm32_experiments.dir/lib/spi.c.o
 .debug_macro   0x0000000000000000       0x56 CMakeFiles/stm32_experiments.dir/lib/spi.c.o
 .debug_macro   0x0000000000000000       0x3a CMakeFiles/stm32_experiments.dir/lib/spi.c.o
 .debug_macro   0x0000000000000000      0x34e CMakeFiles/stm32_experiments.dir/lib/spi.c.o
 .debug_macro   0x0000000000000000       0x18 CMakeFiles/stm32_experiments.dir/lib/spi.c.o
 .debug_macro   0x0000000000000000      0xa8b CMakeFiles/stm32_experiments.dir/lib/spi.c.o
 .debug_macro   0x0000000000000000     0x7def CMakeFiles/stm32_experiments.dir/lib/spi.c.o
 .group         0x0000000000000000        0xc CMakeFiles/stm32_experiments.dir/lib/utils.c.o
 .group         0x0000000000000000        0xc CMakeFiles/stm32_experiments.dir/lib/utils.c.o
 .text          0x0000000000000000        0x0 CMakeFiles/stm32_experiments.dir/lib/utils.c.o
 .data          0x0000000000000000        0x0 CMakeFiles/stm32_experiments.dir/lib/utils.c.o
 .bss           0x0000000000000000        0x0 CMakeFiles/stm32_experiments.dir/lib/utils.c.o
 .text.delay_us
                0x0000000000000000       0x2c CMakeFiles/stm32_experiments.dir/lib/utils.c.o
 .debug_macro   0x0000000000000000      0xa5a CMakeFiles/stm32_experiments.dir/lib/utils.c.o
 .debug_macro   0x0000000000000000      0x34e CMakeFiles/stm32_experiments.dir/lib/utils.c.o
 .data          0x0000000000000000        0x0 /usr/lib/gcc/arm-none-eabi/10.3.1/../../../arm-none-eabi/lib/thumb/v7-m/nofp/libg.a(lib_a-memset.o)
 .bss           0x0000000000000000        0x0 /usr/lib/gcc/arm-none-eabi/10.3.1/../../../arm-none-eabi/lib/thumb/v7-m/nofp/libg.a(lib_a-memset.o)

Memory Configuration

Name             Origin             Length             Attributes
rom              0x0000000008000000 0x000000000000fc00 xr
flash            0x000000000800fc00 0x0000000000000400 xrw
ram              0x0000000020000000 0x0000000000005000 xrw
*default*        0x0000000000000000 0xffffffffffffffff

Linker script and memory map

                0x0000000000010000                __mcu_flash_size = 0x10000
                0x0000000000005000                __mcu_ram_size = 0x5000
                0x0000000000000400                __mcu_flash_page_size = 0x400
                0x0000000000000001                __mcu_flash_eeprom_pages = 0x1
                0x0000000000000000                _Min_Heap_Size = 0x0
                0x0000000000000100                _Min_Stack_Size = 0x100
                0x0000000008000000                __mcu_flash_rom_offset = 0x8000000
                0x0000000020000000                __mcu_ram_offset = 0x20000000
                0x0000000000000400                __mcu_flash_eeprom_size = (__mcu_flash_eeprom_pages * __mcu_flash_page_size)
                0x000000000000fc00                __mcu_flash_rom_size = (__mcu_flash_size - __mcu_flash_eeprom_size)
                0x000000000800fc00                __mcu_flash_eeprom_offset = (__mcu_flash_rom_offset + __mcu_flash_rom_size)
                0x0000000020005000                _estack = (__mcu_ram_offset + __mcu_ram_size)

.text           0x0000000008000000      0xd5b
 *(.isr_vector .isr_vector.*)
 .isr_vector    0x0000000008000000      0x10c CMakeFiles/stm32_experiments.dir/stm32/startup/startup_stm32f10x_md.c.o
                0x0000000008000000                g_pfnVectors
 *(.text .text.* .gnu.linkonce.t.*)
 .text.Default_Reset_Handler
                0x000000000800010c       0x60 CMakeFiles/stm32_experiments.dir/stm32/startup/startup_stm32f10x_md.c.o
                0x000000000800010c                Reset_Handler
                0x000000000800010c                Default_Reset_Handler
 .text.Default_Handler
                0x000000000800016c        0x6 CMakeFiles/stm32_experiments.dir/stm32/startup/startup_stm32f10x_md.c.o
                0x000000000800016c                EXTI2_IRQHandler
                0x000000000800016c                DebugMon_Handler
                0x000000000800016c                TIM1_CC_IRQHandler
                0x000000000800016c                HardFault_Handler
                0x000000000800016c                SysTick_Handler
                0x000000000800016c                PVD_IRQHandler
                0x000000000800016c                PendSV_Handler
                0x000000000800016c                NMI_Handler
                0x000000000800016c                EXTI3_IRQHandler
                0x000000000800016c                EXTI0_IRQHandler
                0x000000000800016c                I2C2_EV_IRQHandler
                0x000000000800016c                UsageFault_Handler
                0x000000000800016c                ADC1_2_IRQHandler
                0x000000000800016c                SPI1_IRQHandler
                0x000000000800016c                TAMPER_IRQHandler
                0x000000000800016c                DMA1_Channel4_IRQHandler
                0x000000000800016c                USART3_IRQHandler
                0x000000000800016c                RTC_IRQHandler
                0x000000000800016c                DMA1_Channel7_IRQHandler
                0x000000000800016c                CAN1_RX1_IRQHandler
                0x000000000800016c                TIM4_IRQHandler
                0x000000000800016c                I2C1_EV_IRQHandler
                0x000000000800016c                DMA1_Channel6_IRQHandler
                0x000000000800016c                TIM3_IRQHandler
                0x000000000800016c                RCC_IRQHandler
                0x000000000800016c                TIM1_TRG_COM_IRQHandler
                0x000000000800016c                DMA1_Channel1_IRQHandler
                0x000000000800016c                EXTI15_10_IRQHandler
                0x000000000800016c                EXTI9_5_IRQHandler
                0x000000000800016c                SPI2_IRQHandler
                0x000000000800016c                MemManage_Handler
                0x000000000800016c                SVC_Handler
                0x000000000800016c                DMA1_Channel5_IRQHandler
                0x000000000800016c                EXTI4_IRQHandler
                0x000000000800016c                USB_LP_CAN1_RX0_IRQHandler
                0x000000000800016c                USB_HP_CAN1_TX_IRQHandler
                0x000000000800016c                DMA1_Channel3_IRQHandler
                0x000000000800016c                TIM1_UP_IRQHandler
                0x000000000800016c                WWDG_IRQHandler
                0x000000000800016c                TIM2_IRQHandler
                0x000000000800016c                TIM1_BRK_IRQHandler
                0x000000000800016c                EXTI1_IRQHandler
                0x000000000800016c                RTCAlarm_IRQHandler
                0x000000000800016c                USART2_IRQHandler
                0x000000000800016c                I2C2_ER_IRQHandler
                0x000000000800016c                DMA1_Channel2_IRQHandler
                0x000000000800016c                CAN1_SCE_IRQHandler
                0x000000000800016c                FLASH_IRQHandler
                0x000000000800016c                BusFault_Handler
                0x000000000800016c                USART1_IRQHandler
                0x000000000800016c                I2C1_ER_IRQHandler
                0x000000000800016c                USBWakeUp_IRQHandler
 *fill*         0x0000000008000172        0x2 
 .text.SystemInit
                0x0000000008000174       0x68 CMakeFiles/stm32_experiments.dir/stm32/system_stm32f10x.c.o
                0x0000000008000174                SystemInit
 .text.SetSysClock
                0x00000000080001dc        0xc CMakeFiles/stm32_experiments.dir/stm32/system_stm32f10x.c.o
 .text.SetSysClockTo72
                0x00000000080001e8      0x100 CMakeFiles/stm32_experiments.dir/stm32/system_stm32f10x.c.o
 .text.main     0x00000000080002e8      0x13c CMakeFiles/stm32_experiments.dir/main.c.o
                0x00000000080002e8                main
 .text.cmd      0x0000000008000424       0x58 CMakeFiles/stm32_experiments.dir/lib/showstring.c.o
                0x0000000008000424                cmd
 .text.dat      0x000000000800047c       0x58 CMakeFiles/stm32_experiments.dir/lib/showstring.c.o
                0x000000000800047c                dat
 .text.PutChar  0x00000000080004d4       0x58 CMakeFiles/stm32_experiments.dir/lib/showstring.c.o
                0x00000000080004d4                PutChar
 .text.PutString
                0x000000000800052c       0xaa CMakeFiles/stm32_experiments.dir/lib/showstring.c.o
                0x000000000800052c                PutString
 *fill*         0x00000000080005d6        0x2 
 .text.SPI1_Init
                0x00000000080005d8      0x118 CMakeFiles/stm32_experiments.dir/lib/spi.c.o
                0x00000000080005d8                SPI1_Init
 .text.SPI1_Write
                0x00000000080006f0       0x30 CMakeFiles/stm32_experiments.dir/lib/spi.c.o
                0x00000000080006f0                SPI1_Write
 .text.delay    0x0000000008000720       0x2a CMakeFiles/stm32_experiments.dir/lib/utils.c.o
                0x0000000008000720                delay
 .text.bitrev   0x000000000800074a       0x66 CMakeFiles/stm32_experiments.dir/lib/utils.c.o
                0x000000000800074a                bitrev
 .text          0x00000000080007b0       0xa4 /usr/lib/gcc/arm-none-eabi/10.3.1/../../../arm-none-eabi/lib/thumb/v7-m/nofp/libg.a(lib_a-memset.o)
                0x00000000080007b0                memset
 *(.glue_7t)
 .glue_7t       0x0000000008000854        0x0 linker stubs
 *(.glue_7)
 .glue_7        0x0000000008000854        0x0 linker stubs
 *(.rodata .rodata* .gnu.linkonce.r.*)
 .rodata        0x0000000008000854        0x9 CMakeFiles/stm32_experiments.dir/main.c.o
 *fill*         0x000000000800085d        0x3 
 .rodata.font   0x0000000008000860      0x4fb CMakeFiles/stm32_experiments.dir/lib/showstring.c.o
                0x0000000008000860                font

.vfp11_veneer   0x0000000008000d5c        0x0
 .vfp11_veneer  0x0000000008000d5c        0x0 linker stubs

.v4_bx          0x0000000008000d5c        0x0
 .v4_bx         0x0000000008000d5c        0x0 linker stubs

.iplt           0x0000000008000d5c        0x0
 .iplt          0x0000000008000d5c        0x0 CMakeFiles/stm32_experiments.dir/stm32/startup/startup_stm32f10x_md.c.o

.rel.dyn        0x0000000008000d5c        0x0
 .rel.iplt      0x0000000008000d5c        0x0 CMakeFiles/stm32_experiments.dir/stm32/startup/startup_stm32f10x_md.c.o

.ARM.extab
 *(.ARM.extab* .gnu.linkonce.armextab.*)

.ARM.exidx
 *(.ARM.exidx* .gnu.linkonce.armexidx.*)
                0x0000000008000d5c                . = ALIGN (0x4)
                0x0000000008000d5c                _etext = .
                0x0000000008000d5c                _sidata = .

.data           0x0000000020000000        0x0 load address 0x0000000008000d5c
                0x0000000020000000                _sdata = .
 *(.data .data.*)
                0x0000000020000000                . = ALIGN (0x4)
                0x0000000020000000                _edata = .

.igot.plt       0x0000000020000000        0x0
 .igot.plt      0x0000000020000000        0x0 CMakeFiles/stm32_experiments.dir/stm32/startup/startup_stm32f10x_md.c.o

.bss            0x0000000020000000      0x400
                0x0000000020000000                _sbss = .
 *(.bss .bss.*)
 .bss.LCD_Buf   0x0000000020000000      0x400 CMakeFiles/stm32_experiments.dir/main.c.o
                0x0000000020000000                LCD_Buf
 *(COMMON)
                0x0000000020000400                . = ALIGN (0x4)
                0x0000000020000400                _ebss = .

.ram_storage    0x0000000020000400        0x0
                0x0000000020000400                . = ALIGN (0x4)
 *(.ram_storage .ram_storage.*)

.co_stack       0x0000000020000400      0x400
                0x0000000020000400                . = ALIGN (0x8)
 *(.co_stack .co_stack.*)
 .co_stack      0x0000000020000400      0x400 CMakeFiles/stm32_experiments.dir/stm32/startup/startup_stm32f10x_md.c.o
                0x0000000020000400                pulStack
                0x0000000020000800                . = ALIGN (0x4)
                0x0000000020000800                _end = .
LOAD CMakeFiles/stm32_experiments.dir/stm32/startup/startup_stm32f10x_md.c.o
LOAD CMakeFiles/stm32_experiments.dir/stm32/system_stm32f10x.c.o
LOAD CMakeFiles/stm32_experiments.dir/syscalls/syscalls.c.o
LOAD CMakeFiles/stm32_experiments.dir/main.c.o
LOAD CMakeFiles/stm32_experiments.dir/lib/showstring.c.o
LOAD CMakeFiles/stm32_experiments.dir/lib/spi.c.o
LOAD CMakeFiles/stm32_experiments.dir/lib/utils.c.o
START GROUP
LOAD /usr/lib/gcc/arm-none-eabi/10.3.1/thumb/v7-m/nofp/libgcc.a
LOAD /usr/lib/gcc/arm-none-eabi/10.3.1/../../../arm-none-eabi/lib/thumb/v7-m/nofp/libg.a
LOAD /usr/lib/gcc/arm-none-eabi/10.3.1/../../../arm-none-eabi/lib/thumb/v7-m/nofp/libc.a
END GROUP
OUTPUT(build/stm32_experiments.elf elf32-littlearm)
LOAD linker stubs

.debug_info     0x0000000000000000     0x14f5
 .debug_info    0x0000000000000000       0xff CMakeFiles/stm32_experiments.dir/stm32/startup/startup_stm32f10x_md.c.o
 .debug_info    0x00000000000000ff      0x496 CMakeFiles/stm32_experiments.dir/stm32/system_stm32f10x.c.o
 .debug_info    0x0000000000000595      0x266 CMakeFiles/stm32_experiments.dir/main.c.o
 .debug_info    0x00000000000007fb      0x79a CMakeFiles/stm32_experiments.dir/lib/showstring.c.o
 .debug_info    0x0000000000000f95      0x31b CMakeFiles/stm32_experiments.dir/lib/spi.c.o
 .debug_info    0x00000000000012b0      0x10e CMakeFiles/stm32_experiments.dir/lib/utils.c.o
 .debug_info    0x00000000000013be      0x137 /usr/lib/gcc/arm-none-eabi/10.3.1/../../../arm-none-eabi/lib/thumb/v7-m/nofp/libg.a(lib_a-memset.o)

.debug_abbrev   0x0000000000000000      0x72b
 .debug_abbrev  0x0000000000000000       0xb6 CMakeFiles/stm32_experiments.dir/stm32/startup/startup_stm32f10x_md.c.o
 .debug_abbrev  0x00000000000000b6      0x180 CMakeFiles/stm32_experiments.dir/stm32/system_stm32f10x.c.o
 .debug_abbrev  0x0000000000000236       0xee CMakeFiles/stm32_experiments.dir/main.c.o
 .debug_abbrev  0x0000000000000324      0x1a1 CMakeFiles/stm32_experiments.dir/lib/showstring.c.o
 .debug_abbrev  0x00000000000004c5       0xe6 CMakeFiles/stm32_experiments.dir/lib/spi.c.o
 .debug_abbrev  0x00000000000005ab       0xcc CMakeFiles/stm32_experiments.dir/lib/utils.c.o
 .debug_abbrev  0x0000000000000677       0xb4 /usr/lib/gcc/arm-none-eabi/10.3.1/../../../arm-none-eabi/lib/thumb/v7-m/nofp/libg.a(lib_a-memset.o)

.debug_aranges  0x0000000000000000      0x170
 .debug_aranges
                0x0000000000000000       0x28 CMakeFiles/stm32_experiments.dir/stm32/startup/startup_stm32f10x_md.c.o
 .debug_aranges
                0x0000000000000028       0x38 CMakeFiles/stm32_experiments.dir/stm32/system_stm32f10x.c.o
 .debug_aranges
                0x0000000000000060       0x20 CMakeFiles/stm32_experiments.dir/main.c.o
 .debug_aranges
                0x0000000000000080       0x70 CMakeFiles/stm32_experiments.dir/lib/showstring.c.o
 .debug_aranges
                0x00000000000000f0       0x30 CMakeFiles/stm32_experiments.dir/lib/spi.c.o
 .debug_aranges
                0x0000000000000120       0x30 CMakeFiles/stm32_experiments.dir/lib/utils.c.o
 .debug_aranges
                0x0000000000000150       0x20 /usr/lib/gcc/arm-none-eabi/10.3.1/../../../arm-none-eabi/lib/thumb/v7-m/nofp/libg.a(lib_a-memset.o)

.debug_ranges   0x0000000000000000       0xf0
 .debug_ranges  0x0000000000000000       0x18 CMakeFiles/stm32_experiments.dir/stm32/startup/startup_stm32f10x_md.c.o
 .debug_ranges  0x0000000000000018       0x28 CMakeFiles/stm32_experiments.dir/stm32/system_stm32f10x.c.o
 .debug_ranges  0x0000000000000040       0x10 CMakeFiles/stm32_experiments.dir/main.c.o
 .debug_ranges  0x0000000000000050       0x60 CMakeFiles/stm32_experiments.dir/lib/showstring.c.o
 .debug_ranges  0x00000000000000b0       0x20 CMakeFiles/stm32_experiments.dir/lib/spi.c.o
 .debug_ranges  0x00000000000000d0       0x20 CMakeFiles/stm32_experiments.dir/lib/utils.c.o

.debug_macro    0x0000000000000000     0x9d14
 .debug_macro   0x0000000000000000       0x1d CMakeFiles/stm32_experiments.dir/stm32/startup/startup_stm32f10x_md.c.o
 .debug_macro   0x000000000000001d      0xa5a CMakeFiles/stm32_experiments.dir/stm32/startup/startup_stm32f10x_md.c.o
 .debug_macro   0x0000000000000a77       0x62 CMakeFiles/stm32_experiments.dir/stm32/system_stm32f10x.c.o
 .debug_macro   0x0000000000000ad9       0x56 CMakeFiles/stm32_experiments.dir/stm32/system_stm32f10x.c.o
 .debug_macro   0x0000000000000b2f       0x3a CMakeFiles/stm32_experiments.dir/stm32/system_stm32f10x.c.o
 .debug_macro   0x0000000000000b69      0x34e CMakeFiles/stm32_experiments.dir/stm32/system_stm32f10x.c.o
 .debug_macro   0x0000000000000eb7       0x18 CMakeFiles/stm32_experiments.dir/stm32/system_stm32f10x.c.o
 .debug_macro   0x0000000000000ecf      0xa8b CMakeFiles/stm32_experiments.dir/stm32/system_stm32f10x.c.o
 .debug_macro   0x000000000000195a     0x7def CMakeFiles/stm32_experiments.dir/stm32/system_stm32f10x.c.o
 .debug_macro   0x0000000000009749      0x1ad CMakeFiles/stm32_experiments.dir/main.c.o
 .debug_macro   0x00000000000098f6      0x16d CMakeFiles/stm32_experiments.dir/main.c.o
 .debug_macro   0x0000000000009a63       0x10 CMakeFiles/stm32_experiments.dir/main.c.o
 .debug_macro   0x0000000000009a73       0x1c CMakeFiles/stm32_experiments.dir/main.c.o
 .debug_macro   0x0000000000009a8f       0x10 CMakeFiles/stm32_experiments.dir/main.c.o
 .debug_macro   0x0000000000009a9f       0x28 CMakeFiles/stm32_experiments.dir/main.c.o
 .debug_macro   0x0000000000009ac7       0x22 CMakeFiles/stm32_experiments.dir/main.c.o
 .debug_macro   0x0000000000009ae9      0x1b3 CMakeFiles/stm32_experiments.dir/lib/showstring.c.o
 .debug_macro   0x0000000000009c9c       0x5e CMakeFiles/stm32_experiments.dir/lib/spi.c.o
 .debug_macro   0x0000000000009cfa       0x1a CMakeFiles/stm32_experiments.dir/lib/utils.c.o

.debug_line     0x0000000000000000     0x1300
 .debug_line    0x0000000000000000       0xc5 CMakeFiles/stm32_experiments.dir/stm32/startup/startup_stm32f10x_md.c.o
 .debug_line    0x00000000000000c5      0x2b7 CMakeFiles/stm32_experiments.dir/stm32/system_stm32f10x.c.o
 .debug_line    0x000000000000037c      0x3b0 CMakeFiles/stm32_experiments.dir/main.c.o
 .debug_line    0x000000000000072c      0x6fb CMakeFiles/stm32_experiments.dir/lib/showstring.c.o
 .debug_line    0x0000000000000e27      0x1f8 CMakeFiles/stm32_experiments.dir/lib/spi.c.o
 .debug_line    0x000000000000101f      0x122 CMakeFiles/stm32_experiments.dir/lib/utils.c.o
 .debug_line    0x0000000000001141      0x1bf /usr/lib/gcc/arm-none-eabi/10.3.1/../../../arm-none-eabi/lib/thumb/v7-m/nofp/libg.a(lib_a-memset.o)

.debug_str      0x0000000000000000    0x36ca8
 .debug_str     0x0000000000000000     0x2d6b CMakeFiles/stm32_experiments.dir/stm32/startup/startup_stm32f10x_md.c.o
                                       0x2d8a (size before relaxing)
 .debug_str     0x0000000000002d6b    0x30598 CMakeFiles/stm32_experiments.dir/stm32/system_stm32f10x.c.o
                                      0x333a1 (size before relaxing)
 .debug_str     0x0000000000033303     0x3616 CMakeFiles/stm32_experiments.dir/main.c.o
                                      0x368ee (size before relaxing)
 .debug_str     0x0000000000036919      0x1c5 CMakeFiles/stm32_experiments.dir/lib/showstring.c.o
                                      0x36a4d (size before relaxing)
 .debug_str     0x0000000000036ade       0x5a CMakeFiles/stm32_experiments.dir/lib/spi.c.o
                                      0x3360d (size before relaxing)
 .debug_str     0x0000000000036b38       0x59 CMakeFiles/stm32_experiments.dir/lib/utils.c.o
                                       0x378f (size before relaxing)
 .debug_str     0x0000000000036b91      0x117 /usr/lib/gcc/arm-none-eabi/10.3.1/../../../arm-none-eabi/lib/thumb/v7-m/nofp/libg.a(lib_a-memset.o)
                                        0x1b3 (size before relaxing)

.comment        0x0000000000000000       0x33
 .comment       0x0000000000000000       0x33 CMakeFiles/stm32_experiments.dir/stm32/startup/startup_stm32f10x_md.c.o
                                         0x34 (size before relaxing)
 .comment       0x0000000000000033       0x34 CMakeFiles/stm32_experiments.dir/stm32/system_stm32f10x.c.o
 .comment       0x0000000000000033       0x34 CMakeFiles/stm32_experiments.dir/main.c.o
 .comment       0x0000000000000033       0x34 CMakeFiles/stm32_experiments.dir/lib/showstring.c.o
 .comment       0x0000000000000033       0x34 CMakeFiles/stm32_experiments.dir/lib/spi.c.o
 .comment       0x0000000000000033       0x34 CMakeFiles/stm32_experiments.dir/lib/utils.c.o
 .comment       0x0000000000000033       0x34 /usr/lib/gcc/arm-none-eabi/10.3.1/../../../arm-none-eabi/lib/thumb/v7-m/nofp/libg.a(lib_a-memset.o)

.ARM.attributes
                0x0000000000000000       0x2d
 .ARM.attributes
                0x0000000000000000       0x2d CMakeFiles/stm32_experiments.dir/stm32/startup/startup_stm32f10x_md.c.o
 .ARM.attributes
                0x000000000000002d       0x2d CMakeFiles/stm32_experiments.dir/stm32/system_stm32f10x.c.o
 .ARM.attributes
                0x000000000000005a       0x2d CMakeFiles/stm32_experiments.dir/main.c.o
 .ARM.attributes
                0x0000000000000087       0x2d CMakeFiles/stm32_experiments.dir/lib/showstring.c.o
 .ARM.attributes
                0x00000000000000b4       0x2d CMakeFiles/stm32_experiments.dir/lib/spi.c.o
 .ARM.attributes
                0x00000000000000e1       0x2d CMakeFiles/stm32_experiments.dir/lib/utils.c.o
 .ARM.attributes
                0x000000000000010e       0x2d /usr/lib/gcc/arm-none-eabi/10.3.1/../../../arm-none-eabi/lib/thumb/v7-m/nofp/libg.a(lib_a-memset.o)

.debug_frame    0x0000000000000000      0x3e4
 .debug_frame   0x0000000000000000       0x4c CMakeFiles/stm32_experiments.dir/stm32/startup/startup_stm32f10x_md.c.o
 .debug_frame   0x000000000000004c       0x98 CMakeFiles/stm32_experiments.dir/stm32/system_stm32f10x.c.o
 .debug_frame   0x00000000000000e4       0x30 CMakeFiles/stm32_experiments.dir/main.c.o
 .debug_frame   0x0000000000000114      0x1a4 CMakeFiles/stm32_experiments.dir/lib/showstring.c.o
 .debug_frame   0x00000000000002b8       0x78 CMakeFiles/stm32_experiments.dir/lib/spi.c.o
 .debug_frame   0x0000000000000330       0x88 CMakeFiles/stm32_experiments.dir/lib/utils.c.o
 .debug_frame   0x00000000000003b8       0x2c /usr/lib/gcc/arm-none-eabi/10.3.1/../../../arm-none-eabi/lib/thumb/v7-m/nofp/libg.a(lib_a-memset.o)

.debug_loc      0x0000000000000000      0x22c
 .debug_loc     0x0000000000000000      0x22c /usr/lib/gcc/arm-none-eabi/10.3.1/../../../arm-none-eabi/lib/thumb/v7-m/nofp/libg.a(lib_a-memset.o)
